<green>TYPE           TOTAL                 ACTIVE                SIZE                  RECLAIMABLE</>

Images                0                     0                     0B                    0B
Containers            0                     0                     0B                    0B
Local Volumes         0                     0                     0B                    0B
Build Cache                                                       0B                    0B

Docker system prune executed on 1970-01-01 00:00:00, results:

Deleted containers: 0 
Deleted images: 0 
Deleted networks: 0 
Deleted volumes: 0 
Total reclaimed space: 0B 

