[38;2;232;168;72mDocker Host: [m[38;2;223;219;221mdry.io[m                          [38;2;232;168;72mDocker Version: [m[38;2;223;219;221m1.0[m                   [38;2;232;168;72mHostname: [m[38;2;223;219;221mtest[m  [38;2;232;168;72mSwarm: [m[38;2;223;219;221minactive[m      
[38;2;232;168;72mCert Path: [m[38;2;223;219;221m[m                                  [38;2;232;168;72mAPIVersion: [m[38;2;223;219;221m1.27[m                      [38;2;232;168;72mCPU: [m[38;2;223;219;221m2[m                               
[38;2;232;168;72mVerify Certificate: [m[38;2;223;219;221mfalse[m                    [38;2;232;168;72mOS/Arch/Kernel: [m[38;2;223;219;221m//[m                    [38;2;232;168;72mMemory: [m[38;2;223;219;221m1KiB[m                         
[48;2;58;57;67m [m[48;2;58;57;67m                                                                                                                       [m
[48;2;0;164;255m [m[1;38;2;32;31;38;48;2;0;164;255mNavigator[m[48;2;0;164;255m [m[38;2;96;95;107;48;2;58;57;67m [m[48;2;58;57;67m [m[38;2;191;188;200;48;2;58;57;67mContext[m[48;2;58;57;67m [m[38;2;96;95;107;48;2;58;57;67m [m[48;2;58;57;67m [m[38;2;191;188;200;48;2;58;57;67mActivity[m[48;2;58;57;67m [m[48;2;58;57;67m                                                                                        [m
[48;2;58;57;67m [m[38;2;0;164;255;48;2;58;57;67m◉[m[48;2;58;57;67m [m[1;38;2;223;219;221;48;2;58;57;67mMonitor[m[48;2;58;57;67m  [m[38;2;191;188;200;48;2;58;57;67m2[m[48;2;58;57;67m                                                        [m[48;2;58;57;67m [m[38;2;0;164;255;48;2;58;57;67m◎[m[48;2;58;57;67m [m[1;38;2;223;219;221;48;2;58;57;67mContext · preview[m[48;2;58;57;67m  [m[48;2;58;57;67m                             [m
[48;2;32;31;38m [m[38;2;96;95;107;48;2;32;31;38mlive [m[1;38;2;223;219;221;48;2;32;31;38m2[m[38;2;96;95;107;48;2;32;31;38m  •  [m[38;2;96;95;107;48;2;32;31;38mhot cpu [m[38;2;0;164;255mbbbbbbbbbbbb[39m[38;2;96;95;107;48;2;32;31;38m [m[38;2;232;254;150m82.1%[39m[38;2;96;95;107;48;2;32;31;38m  •  [m[38;2;96;95;107;48;2;32;31;38mhot mem [m[38;2;224;120;144mbbbbbbbbbbbb[39m[38;2;96;95;107;48;2;32;31;38m [m[38;2;224;120;144m50.0%[39m [1;38;2;223;219;221mapi[m                                               
[1;38;2;96;95;107mCONTAINER ↓    [m[1;38;2;96;95;107mNAME      [m[1;38;2;96;95;107mCPU LOAD             [m[1;38;2;96;95;107mMEM USAGE/LIMIT       …[m[1;38;2;96;95;107m[m[1;38;2;96;95;107m[m[1;38;2;96;95;107m[m [38;2;191;188;200mMonitor[m                                           
[38;2;0;255;178m▶[39m [38;2;223;219;221maaaaaaaaaaaa[39m [38;2;223;219;221mapi[39m       [38;2;0;255;178m█[m[38;2;0;255;178;48;2;58;57;67m▌[m[38;2;58;57;67m──────────[m[38;2;0;255;178m  12.5%[39m  [38;2;0;255;178m512MiB[39m[38;2;96;95;107m / [39m[38;2;191;188;200m2GiB[39m          [38;2;0;255;178m[m[38;2;58;57;67m[m[38;2;0;255;178m[39m[38;2;0;164;255m[39m[38;2;0;164;255m[39m[38;2;96;95;107m[39m[38;2;232;168;72m[39m[38;2;232;168;72m[39m[38;2;232;254;150m[39m[38;2;232;254;150m[39m[38;2;96;95;107m[39m[38;2;191;188;200m[39m[38;2;191;188;200m[39m[m                                                   
[38;2;232;254;150m●[39m [38;2;223;219;221mbbbbbbbbbbbb[39m [38;2;223;219;221mworker[39m    [38;2;232;254;150m█████████[m[38;2;232;254;150;48;2;58;57;67m▌[m[38;2;58;57;67m──[m[38;2;232;254;150m  82.1%[39m  [38;2;224;120;144m1GiB[39m[38;2;96;95;107m / [39m[38;2;191;188;200m2GiB[39m            [38;2;224;120;144m[m[38;2;58;57;67m[m[38;2;224;120;144m[39m[38;2;0;164;255m[39m[38;2;0;164;255m[39m[38;2;96;95;107m[39m[38;2;232;168;72m[39m[38;2;232;168;72m[39m[38;2;232;254;150m[39m[38;2;232;254;150m[39m[38;2;96;95;107m[39m[38;2;191;188;200m[39m[38;2;191;188;200m[39m [38;2;232;168;72mname:[m [38;2;223;219;221mapi[m                                         
                                                                      [38;2;232;168;72mcontainer:[m [38;2;223;219;221maaaaaaaaaaaa[m                           
[48;2;58;57;67m [m[38;2;0;164;255;48;2;58;57;67m≋[m[48;2;58;57;67m [m[1;38;2;223;219;221;48;2;58;57;67mActivity · follow[m[48;2;58;57;67m  [m[38;2;191;188;200;48;2;58;57;67m1[m[48;2;58;57;67m                                                                                                 [m
 [38;2;96;95;107mIdle[m                                                                                                                   
Select an item or pin a log source to populate activity.                                                                
                                                                                                                        
                                                                                                                        
                                                                                                                        
                                                                                                                        
                                                                                                                        
                                                                                                                        
                                                                                                                        
                                                                                                                        
                                                                                                                        
                                                                                                                        
                                                                                                                        
                                                                                                                        
                                                                                                                        
                                                                                                                        
                                                                                                                        
                                                                                                                        
                                                                                                                        
                                                                                                                        
                                                                                                                        
                                                                                                                        
                                                                                                                        
                                                                                                                        
                                                                                                                        
                                                                                                                        
                                                                                                                        
[38;2;232;168;72;48;2;58;57;67m1-8/m[m[48;2;58;57;67m [m[38;2;96;95;107;48;2;58;57;67mnav[m[38;2;96;95;107;48;2;58;57;67m · [m[38;2;232;168;72;48;2;58;57;67mtab/⇧tab[m[48;2;58;57;67m [m[38;2;96;95;107;48;2;58;57;67mpane[m[38;2;96;95;107;48;2;58;57;67m · [m[38;2;232;168;72;48;2;58;57;67mp[m[48;2;58;57;67m [m[38;2;96;95;107;48;2;58;57;67mpin[m[38;2;96;95;107;48;2;58;57;67m · [m[38;2;232;168;72;48;2;58;57;67mspc[m[48;2;58;57;67m [m[38;2;96;95;107;48;2;58;57;67mpeek[m[38;2;96;95;107;48;2;58;57;67m · [m[38;2;232;168;72;48;2;58;57;67m↑↓[m[48;2;58;57;67m [m[38;2;96;95;107;48;2;58;57;67mmove[m[38;2;96;95;107;48;2;58;57;67m · [m[38;2;232;168;72;48;2;58;57;67mF1[m[48;2;58;57;67m [m[38;2;96;95;107;48;2;58;57;67msort[m[48;2;58;57;67m                                                       [m[38;2;232;168;72;48;2;58;57;67m?[m